------------------------------------------------------------
Timing Analyzer Summary
------------------------------------------------------------

Type  : Slow 1100mV 85C Model Setup 'sopc_clk'
Slack : 10.693
TNS   : 0.000

Type  : Slow 1100mV 85C Model Setup 'altera_reserved_tck'
Slack : 23.300
TNS   : 0.000

Type  : Slow 1100mV 85C Model Hold 'sopc_clk'
Slack : 0.105
TNS   : 0.000

Type  : Slow 1100mV 85C Model Hold 'altera_reserved_tck'
Slack : 0.122
TNS   : 0.000

Type  : Slow 1100mV 85C Model Recovery 'sopc_clk'
Slack : 14.680
TNS   : 0.000

Type  : Slow 1100mV 85C Model Recovery 'altera_reserved_tck'
Slack : 47.908
TNS   : 0.000

Type  : Slow 1100mV 85C Model Removal 'sopc_clk'
Slack : 0.408
TNS   : 0.000

Type  : Slow 1100mV 85C Model Removal 'altera_reserved_tck'
Slack : 0.798
TNS   : 0.000

Type  : Slow 1100mV 85C Model Minimum Pulse Width 'sopc_clk'
Slack : 8.890
TNS   : 0.000

Type  : Slow 1100mV 85C Model Minimum Pulse Width 'altera_reserved_tck'
Slack : 48.865
TNS   : 0.000

Type  : Slow 1100mV 0C Model Setup 'sopc_clk'
Slack : 10.876
TNS   : 0.000

Type  : Slow 1100mV 0C Model Setup 'altera_reserved_tck'
Slack : 23.440
TNS   : 0.000

Type  : Slow 1100mV 0C Model Hold 'sopc_clk'
Slack : 0.035
TNS   : 0.000

Type  : Slow 1100mV 0C Model Hold 'altera_reserved_tck'
Slack : 0.111
TNS   : 0.000

Type  : Slow 1100mV 0C Model Recovery 'sopc_clk'
Slack : 14.914
TNS   : 0.000

Type  : Slow 1100mV 0C Model Recovery 'altera_reserved_tck'
Slack : 48.105
TNS   : 0.000

Type  : Slow 1100mV 0C Model Removal 'sopc_clk'
Slack : 0.329
TNS   : 0.000

Type  : Slow 1100mV 0C Model Removal 'altera_reserved_tck'
Slack : 0.705
TNS   : 0.000

Type  : Slow 1100mV 0C Model Minimum Pulse Width 'sopc_clk'
Slack : 8.919
TNS   : 0.000

Type  : Slow 1100mV 0C Model Minimum Pulse Width 'altera_reserved_tck'
Slack : 48.858
TNS   : 0.000

Type  : Fast 1100mV 85C Model Setup 'sopc_clk'
Slack : 14.485
TNS   : 0.000

Type  : Fast 1100mV 85C Model Setup 'altera_reserved_tck'
Slack : 25.357
TNS   : 0.000

Type  : Fast 1100mV 85C Model Hold 'altera_reserved_tck'
Slack : 0.023
TNS   : 0.000

Type  : Fast 1100mV 85C Model Hold 'sopc_clk'
Slack : 0.083
TNS   : 0.000

Type  : Fast 1100mV 85C Model Recovery 'sopc_clk'
Slack : 16.370
TNS   : 0.000

Type  : Fast 1100mV 85C Model Recovery 'altera_reserved_tck'
Slack : 49.125
TNS   : 0.000

Type  : Fast 1100mV 85C Model Removal 'sopc_clk'
Slack : 0.327
TNS   : 0.000

Type  : Fast 1100mV 85C Model Removal 'altera_reserved_tck'
Slack : 0.358
TNS   : 0.000

Type  : Fast 1100mV 85C Model Minimum Pulse Width 'sopc_clk'
Slack : 8.495
TNS   : 0.000

Type  : Fast 1100mV 85C Model Minimum Pulse Width 'altera_reserved_tck'
Slack : 48.776
TNS   : 0.000

Type  : Fast 1100mV 0C Model Setup 'sopc_clk'
Slack : 14.997
TNS   : 0.000

Type  : Fast 1100mV 0C Model Setup 'altera_reserved_tck'
Slack : 25.535
TNS   : 0.000

Type  : Fast 1100mV 0C Model Hold 'altera_reserved_tck'
Slack : 0.008
TNS   : 0.000

Type  : Fast 1100mV 0C Model Hold 'sopc_clk'
Slack : 0.031
TNS   : 0.000

Type  : Fast 1100mV 0C Model Recovery 'sopc_clk'
Slack : 16.810
TNS   : 0.000

Type  : Fast 1100mV 0C Model Recovery 'altera_reserved_tck'
Slack : 49.313
TNS   : 0.000

Type  : Fast 1100mV 0C Model Removal 'sopc_clk'
Slack : 0.237
TNS   : 0.000

Type  : Fast 1100mV 0C Model Removal 'altera_reserved_tck'
Slack : 0.302
TNS   : 0.000

Type  : Fast 1100mV 0C Model Minimum Pulse Width 'sopc_clk'
Slack : 8.449
TNS   : 0.000

Type  : Fast 1100mV 0C Model Minimum Pulse Width 'altera_reserved_tck'
Slack : 48.764
TNS   : 0.000

------------------------------------------------------------
